matched-baseline i 0
matched-candidate i 0
matched-baseline s 0
matched-candidate s 0
matched-baseline b 2
matched-candidate b 2
matched-baseline c 2
matched-candidate c 2
matched-baseline w 2
matched-candidate w 2
matched-baseline t 2
matched-candidate t 2
matched-baseline m 2
matched-candidate m 2
matched-baseline archive-1 0
matched-candidate archive-1 0
matched-baseline archive-4 0
matched-candidate archive-4 0
matched-baseline archive-16 0
matched-candidate archive-16 0
matched-baseline inspect 0
matched-candidate inspect 0
matched-baseline held 0
matched-candidate held 0
matched-baseline history 0
matched-candidate history 0
matched-baseline runtime 0
matched-candidate runtime 0
matched-baseline answers 0
matched-candidate answers 0
matched-baseline fair 0
matched-candidate fair 0
matched-baseline rewrite 0
matched-candidate rewrite 0
matched-baseline bits-16 0
matched-candidate bits-16 0
matched-baseline bits-64 0
matched-candidate bits-64 0
matched-baseline bits-128 0
matched-candidate bits-128 0
