matched answers allocations: 30192 -> 29892 (-0.99%) | allocated_bytes: 14097016 -> 13518406 (-4.10%) | peak_bytes: 1791946 -> 1631978 (-8.93%) | source.live_bytes: 1554418 -> 1404642 (-9.64%)
matched archive-1 allocations: 11686 -> 11674 (-0.10%) | allocated_bytes: 4249036 -> 4209866 (-0.92%) | peak_bytes: 244082 -> 245946 (0.76%) | source.live_bytes: 172506 -> 170594 (-1.11%)
matched archive-16 allocations: 29712 -> 29644 (-0.23%) | allocated_bytes: 14512993 -> 14349495 (-1.13%) | peak_bytes: 624387 -> 612747 (-1.86%) | source.live_bytes: 260699 -> 259427 (-0.49%)
matched archive-4 allocations: 14902 -> 14873 (-0.19%) | allocated_bytes: 6208112 -> 6125638 (-1.33%) | peak_bytes: 401138 -> 403146 (0.50%) | source.live_bytes: 230298 -> 230754 (0.20%)
matched b allocations: 262197 -> 261557 (-0.24%) | allocated_bytes: 85866611 -> 84557313 (-1.52%) | peak_bytes: 6286231 -> 5922207 (-5.79%) | source.live_bytes: 4962679 -> 4762975 (-4.02%)
matched bits-128 allocations: 434355 -> 433722 (-0.15%) | allocated_bytes: 89367975 -> 87954513 (-1.58%) | peak_bytes: 6865611 -> 5678491 (-17.29%) | source.live_bytes: 965727 -> 966971 (0.13%)
matched bits-16 allocations: 19023 -> 19017 (-0.03%) | allocated_bytes: 4370494 -> 4329416 (-0.94%) | peak_bytes: 569348 -> 566692 (-0.47%) | source.live_bytes: 192392 -> 192148 (-0.13%)
matched bits-64 allocations: 125801 -> 125643 (-0.13%) | allocated_bytes: 26818619 -> 26447285 (-1.38%) | peak_bytes: 2066352 -> 1919072 (-7.13%) | source.live_bytes: 508880 -> 509380 (0.10%)
matched c allocations: 272156 -> 271557 (-0.22%) | allocated_bytes: 88711872 -> 87471350 (-1.40%) | peak_bytes: 6228503 -> 5934583 (-4.72%) | source.live_bytes: 4651247 -> 4563727 (-1.88%)
matched fair allocations: 153058 -> 152244 (-0.53%) | allocated_bytes: 59974173 -> 58370155 (-2.67%) | peak_bytes: 11517890 -> 10743882 (-6.72%) | source.live_bytes: 9410308 -> 8614588 (-8.46%)
matched held allocations: 3624 -> 3625 (0.03%) | allocated_bytes: 619375 -> 621253 (0.30%) | peak_bytes: 99429 -> 100209 (0.78%) | source.live_bytes: 31728 -> 31484 (-0.77%)
matched history allocations: 22119 -> 22120 (0.00%) | allocated_bytes: 6102907 -> 6104833 (0.03%) | peak_bytes: 1940909 -> 1941689 (0.04%) | source.live_bytes: 1873208 -> 1872964 (-0.01%)
matched i allocations: 57414 -> 57374 (-0.07%) | allocated_bytes: 15677094 -> 15576972 (-0.64%) | peak_bytes: 1978258 -> 1968146 (-0.51%) | source.live_bytes: 1818569 -> 1807433 (-0.61%)
matched inspect allocations: 17102 -> 17093 (-0.05%) | allocated_bytes: 4233291 -> 4168993 (-1.52%) | peak_bytes: 153502 -> 155026 (0.99%) | source.live_bytes: 85801 -> 86301 (0.58%)
matched m allocations: 240016 -> 239343 (-0.28%) | allocated_bytes: 80855819 -> 79543569 (-1.62%) | peak_bytes: 6244103 -> 6003759 (-3.85%) | source.live_bytes: 6084414 -> 5843046 (-3.97%)
matched rewrite allocations: 105189 -> 105189 (0.00%) | allocated_bytes: 19821957 -> 19824111 (0.01%) | peak_bytes: 2427152 -> 2427152 (0.00%) | source.live_bytes: 823858 -> 823858 (0.00%)
matched runtime allocations: 7543 -> 7545 (0.03%) | allocated_bytes: 1119448 -> 1120240 (0.07%) | peak_bytes: 84949 -> 84938 (-0.01%)
matched s allocations: 56160 -> 56126 (-0.06%) | allocated_bytes: 15131898 -> 15043432 (-0.58%) | peak_bytes: 1726637 -> 1711174 (-0.90%) | source.live_bytes: 1559461 -> 1550461 (-0.58%)
matched t allocations: 259242 -> 258586 (-0.25%) | allocated_bytes: 86292327 -> 84991749 (-1.51%) | peak_bytes: 6088396 -> 5818380 (-4.43%) | source.live_bytes: 5928707 -> 5657667 (-4.57%)
matched w allocations: 260252 -> 259549 (-0.27%) | allocated_bytes: 85653387 -> 84375413 (-1.49%) | peak_bytes: 6158778 -> 6025290 (-2.17%) | source.live_bytes: 5999089 -> 5864577 (-2.24%)
ordinary answers 
ordinary archive-4 
ordinary i 
ordinary rewrite 
ordinary s 
