   Compiling chr v0.1.0 (/tmp/chr-cycle7-opt-unused-port-index)
error: linking with `cc` failed: exit status: 1
  |
  = note:  "cc" "-m64" "/tmp/chr-cycle7-opt-unused-port-index/target/release/deps/rustcOA90i3/symbols.o" "<10 object files omitted>" "-Wl,--as-needed" "-Wl,-Bstatic" "<sysroot>/lib/rustlib/x86_64-unknown-linux-gnu/lib/{libtest-*,libgetopts-*,librustc_std_workspace_std-*}.rlib" "/tmp/chr-cycle7-opt-unused-port-index/target/release/deps/{libchr-34f7bd459b70584e,libserde_json-88379d96e23e9911,libmemchr-d58388b7277d675a,libitoa-fdfa82d6981e4d48,libzmij-d48dc1c7da637495,libserde-acb53bd7adf01759,libserde_core-31af830da17653ec}.rlib" "<sysroot>/lib/rustlib/x86_64-unknown-linux-gnu/lib/{libstd-*,libpanic_unwind-*,libobject-*,libmemchr-*,libaddr2line-*,libgimli-*,libcfg_if-*,librustc_demangle-*,libstd_detect-*,libhashbrown-*,librustc_std_workspace_alloc-*,libminiz_oxide-*,libadler2-*,libunwind-*,liblibc-*,librustc_std_workspace_core-*,liballoc-*,libcore-*,libcompiler_builtins-*}.rlib" "-Wl,-Bdynamic" "-lgcc_s" "-lutil" "-lrt" "-lpthread" "-lm" "-ldl" "-lc" "-L" "/tmp/chr-cycle7-opt-unused-port-index/target/release/deps/rustcOA90i3/raw-dylibs" "-B<sysroot>/lib/rustlib/x86_64-unknown-linux-gnu/bin/gcc-ld" "-fuse-ld=lld" "-Wl,--eh-frame-hdr" "-Wl,-z,noexecstack" "-L" "<sysroot>/lib/rustlib/x86_64-unknown-linux-gnu/lib" "-o" "/tmp/chr-cycle7-opt-unused-port-index/target/release/deps/graph-1fa5303be2669686" "-Wl,--gc-sections" "-pie" "-Wl,-z,relro,-z,now" "-Wl,-O1" "-Wl,--strip-debug" "-nodefaultlibs"
  = note: some arguments are omitted. use `--verbose` to show all linker arguments
  = note: terminate called after throwing an instance of 'std::system_error'
            what():  Resource temporarily unavailable
          PLEASE submit a bug report to https://github.com/llvm/llvm-project/issues/ and include the crash backtrace and instructions to reproduce the bug.
          Stack dump:
          0.	Program arguments: /home/ahart/.rustup/toolchains/nightly-x86_64-unknown-linux-gnu/lib/rustlib/x86_64-unknown-linux-gnu/bin/rust-lld -flavor gnu -plugin /usr/lib/gcc/x86_64-linux-gnu/11/liblto_plugin.so -plugin-opt=/usr/lib/gcc/x86_64-linux-gnu/11/lto-wrapper -plugin-opt=-fresolution=/tmp/ccLardoA.res --build-id --eh-frame-hdr -m elf_x86_64 --hash-style=gnu --as-needed -dynamic-linker /lib64/ld-linux-x86-64.so.2 -pie -z now -z relro -o /tmp/chr-cycle7-opt-unused-port-index/target/release/deps/graph-1fa5303be2669686 /usr/lib/gcc/x86_64-linux-gnu/11/../../../x86_64-linux-gnu/Scrt1.o /usr/lib/gcc/x86_64-linux-gnu/11/../../../x86_64-linux-gnu/crti.o /usr/lib/gcc/x86_64-linux-gnu/11/crtbeginS.o -L/tmp/chr-cycle7-opt-unused-port-index/target/release/deps/rustcOA90i3/raw-dylibs -L/home/ahart/.rustup/toolchains/nightly-x86_64-unknown-linux-gnu/lib/rustlib/x86_64-unknown-linux-gnu/lib -L/home/ahart/.rustup/toolchains/nightly-x86_64-unknown-linux-gnu/lib/rustlib/x86_64-unknown-linux-gnu/bin/gcc-ld -L/usr/lib/gcc/x86_64-linux-gnu/11 -L/usr/lib/gcc/x86_64-linux-gnu/11/../../../x86_64-linux-gnu -L/usr/lib/gcc/x86_64-linux-gnu/11/../../../../lib -L/lib/x86_64-linux-gnu -L/lib/../lib -L/usr/lib/x86_64-linux-gnu -L/usr/lib/../lib -L/usr/lib/gcc/x86_64-linux-gnu/11/../../.. /tmp/chr-cycle7-opt-unused-port-index/target/release/deps/rustcOA90i3/symbols.o /tmp/chr-cycle7-opt-unused-port-index/target/release/deps/graph-1fa5303be2669686.graph.fdce000a587e5397-cgu.0.rcgu.o /tmp/chr-cycle7-opt-unused-port-index/target/release/deps/graph-1fa5303be2669686.graph.fdce000a587e5397-cgu.1.rcgu.o /tmp/chr-cycle7-opt-unused-port-index/target/release/deps/graph-1fa5303be2669686.graph.fdce000a587e5397-cgu.2.rcgu.o /tmp/chr-cycle7-opt-unused-port-index/target/release/deps/graph-1fa5303be2669686.graph.fdce000a587e5397-cgu.3.rcgu.o /tmp/chr-cycle7-opt-unused-port-index/target/release/deps/graph-1fa5303be2669686.graph.fdce000a587e5397-cgu.4.rcgu.o /tmp/chr-cycle7-opt-unused-port-index/target/release/deps/graph-1fa5303be2669686.graph.fdce000a587e5397-cgu.5.rcgu.o /tmp/chr-cycle7-opt-unused-port-index/target/release/deps/graph-1fa5303be2669686.graph.fdce000a587e5397-cgu.6.rcgu.o /tmp/chr-cycle7-opt-unused-port-index/target/release/deps/graph-1fa5303be2669686.graph.fdce000a587e5397-cgu.7.rcgu.o /tmp/chr-cycle7-opt-unused-port-index/target/release/deps/graph-1fa5303be2669686.graph.fdce000a587e5397-cgu.8.rcgu.o /tmp/chr-cycle7-opt-unused-port-index/target/release/deps/graph-1fa5303be2669686.2mbuizy88n1f2fzdcahsmfve1.rcgu.o --as-needed -Bstatic /home/ahart/.rustup/toolchains/nightly-x86_64-unknown-linux-gnu/lib/rustlib/x86_64-unknown-linux-gnu/lib/libtest-d9ab01d4d3ddbcef.rlib /home/ahart/.rustup/toolchains/nightly-x86_64-unknown-linux-gnu/lib/rustlib/x86_64-unknown-linux-gnu/lib/libgetopts-a9644b14bfb2cca7.rlib /home/ahart/.rustup/toolchains/nightly-x86_64-unknown-linux-gnu/lib/rustlib/x86_64-unknown-linux-gnu/lib/librustc_std_workspace_std-3e80ce3820a786fe.rlib /tmp/chr-cycle7-opt-unused-port-index/target/release/deps/libchr-34f7bd459b70584e.rlib /tmp/chr-cycle7-opt-unused-port-index/target/release/deps/libserde_json-88379d96e23e9911.rlib /tmp/chr-cycle7-opt-unused-port-index/target/release/deps/libmemchr-d58388b7277d675a.rlib /tmp/chr-cycle7-opt-unused-port-index/target/release/deps/libitoa-fdfa82d6981e4d48.rlib /tmp/chr-cycle7-opt-unused-port-index/target/release/deps/libzmij-d48dc1c7da637495.rlib /tmp/chr-cycle7-opt-unused-port-index/target/release/deps/libserde-acb53bd7adf01759.rlib /tmp/chr-cycle7-opt-unused-port-index/target/release/deps/libserde_core-31af830da17653ec.rlib /home/ahart/.rustup/toolchains/nightly-x86_64-unknown-linux-gnu/lib/rustlib/x86_64-unknown-linux-gnu/lib/libstd-957b1fe07cf96b13.rlib /home/ahart/.rustup/toolchains/nightly-x86_64-unknown-linux-gnu/lib/rustlib/x86_64-unknown-linux-gnu/lib/libpanic_unwind-5d075b8625bac4b1.rlib /home/ahart/.rustup/toolchains/nightly-x86_64-unknown-linux-gnu/lib/rustlib/x86_64-unknown-linux-gnu/lib/libobject-c6ca25b1f8621ced.rlib /home/ahart/.rustup/toolchains/nightly-x86_64-unknown-linux-gnu/lib/rustlib/x86_64-unknown-linux-gnu/lib/libmemchr-16850f2f05dea042.rlib /home/ahart/.rustup/toolchains/nightly-x86_64-unknown-linux-gnu/lib/rustlib/x86_64-unknown-linux-gnu/lib/libaddr2line-4be6a113f783ae81.rlib /home/ahart/.rustup/toolchains/nightly-x86_64-unknown-linux-gnu/lib/rustlib/x86_64-unknown-linux-gnu/lib/libgimli-b980ebe42ae7566e.rlib /home/ahart/.rustup/toolchains/nightly-x86_64-unknown-linux-gnu/lib/rustlib/x86_64-unknown-linux-gnu/lib/libcfg_if-ed99a26b153c40a9.rlib /home/ahart/.rustup/toolchains/nightly-x86_64-unknown-linux-gnu/lib/rustlib/x86_64-unknown-linux-gnu/lib/librustc_demangle-ecdd4665c3413bd4.rlib /home/ahart/.rustup/toolchains/nightly-x86_64-unknown-linux-gnu/lib/rustlib/x86_64-unknown-linux-gnu/lib/libstd_detect-2b11eee15f93fb2f.rlib /home/ahart/.rustup/toolchains/nightly-x86_64-unknown-linux-gnu/lib/rustlib/x86_64-unknown-linux-gnu/lib/libhashbrown-a24163845a89d284.rlib /home/ahart/.rustup/toolchains/nightly-x86_64-unknown-linux-gnu/lib/rustlib/x86_64-unknown-linux-gnu/lib/librustc_std_workspace_alloc-e0899976ced27b19.rlib /home/ahart/.rustup/toolchains/nightly-x86_64-unknown-linux-gnu/lib/rustlib/x86_64-unknown-linux-gnu/lib/libminiz_oxide-05059da09a45561c.rlib /home/ahart/.rustup/toolchains/nightly-x86_64-unknown-linux-gnu/lib/rustlib/x86_64-unknown-linux-gnu/lib/libadler2-ee74045716a880d4.rlib /home/ahart/.rustup/toolchains/nightly-x86_64-unknown-linux-gnu/lib/rustlib/x86_64-unknown-linux-gnu/lib/libunwind-16e11c925e779fb5.rlib /home/ahart/.rustup/toolchains/nightly-x86_64-unknown-linux-gnu/lib/rustlib/x86_64-unknown-linux-gnu/lib/liblibc-97d1bde3afd30030.rlib /home/ahart/.rustup/toolchains/nightly-x86_64-unknown-linux-gnu/lib/rustlib/x86_64-unknown-linux-gnu/lib/librustc_std_workspace_core-98022199d76dbd30.rlib /home/ahart/.rustup/toolchains/nightly-x86_64-unknown-linux-gnu/lib/rustlib/x86_64-unknown-linux-gnu/lib/liballoc-02e2119f9d7c9585.rlib /home/ahart/.rustup/toolchains/nightly-x86_64-unknown-linux-gnu/lib/rustlib/x86_64-unknown-linux-gnu/lib/libcore-5202d9b43b836218.rlib /home/ahart/.rustup/toolchains/nightly-x86_64-unknown-linux-gnu/lib/rustlib/x86_64-unknown-linux-gnu/lib/libcompiler_builtins-bbfdd99d24659dd7.rlib -Bdynamic -lgcc_s -lutil -lrt -lpthread -lm -ldl -lc --eh-frame-hdr -z noexecstack --gc-sections -z relro -z now -O1 --strip-debug /usr/lib/gcc/x86_64-linux-gnu/11/crtendS.o /usr/lib/gcc/x86_64-linux-gnu/11/../../../x86_64-linux-gnu/crtn.o
           #0 0x00007b1cdf16c017 llvm::sys::PrintStackTrace(llvm::raw_ostream&, int) (/home/ahart/.rustup/toolchains/nightly-x86_64-unknown-linux-gnu/lib/libLLVM.so.22.1-rust-1.95.0-nightly+0x5f6c017)
           #1 0x00007b1cdf16c90d SignalHandler(int, siginfo_t*, void*) (/home/ahart/.rustup/toolchains/nightly-x86_64-unknown-linux-gnu/lib/libLLVM.so.22.1-rust-1.95.0-nightly+0x5f6c90d)
           #2 0x00007b1cd8e42520 (/lib/x86_64-linux-gnu/libc.so.6+0x42520)
           #3 0x00007b1cd8e969bc __pthread_kill_implementation ./nptl/./nptl/pthread_kill.c:44:76
           #4 0x00007b1cd8e969bc __pthread_kill_internal ./nptl/./nptl/pthread_kill.c:78:10
           #5 0x00007b1cd8e969bc pthread_kill ./nptl/./nptl/pthread_kill.c:89:10
           #6 0x00007b1cd8e42476 gsignal ./signal/../sysdeps/posix/raise.c:27:6
           #7 0x00007b1cd8e287f3 abort ./stdlib/./stdlib/abort.c:81:7
           #8 0x00007b1cdefeefa5 __gnu_cxx::__verbose_terminate_handler() (/home/ahart/.rustup/toolchains/nightly-x86_64-unknown-linux-gnu/lib/libLLVM.so.22.1-rust-1.95.0-nightly+0x5deefa5)
           #9 0x00007b1cdefee706 __cxxabiv1::__terminate(void (*)()) (/home/ahart/.rustup/toolchains/nightly-x86_64-unknown-linux-gnu/lib/libLLVM.so.22.1-rust-1.95.0-nightly+0x5dee706)
          #10 0x00007b1cdefee771 (/home/ahart/.rustup/toolchains/nightly-x86_64-unknown-linux-gnu/lib/libLLVM.so.22.1-rust-1.95.0-nightly+0x5dee771)
          #11 0x00007b1cdefee8c5 (/home/ahart/.rustup/toolchains/nightly-x86_64-unknown-linux-gnu/lib/libLLVM.so.22.1-rust-1.95.0-nightly+0x5dee8c5)
          #12 0x00007b1cdedbbb85 std::__throw_system_error(int) (/home/ahart/.rustup/toolchains/nightly-x86_64-unknown-linux-gnu/lib/libLLVM.so.22.1-rust-1.95.0-nightly+0x5bbbb85)
          #13 0x00007b1cdf079679 (/home/ahart/.rustup/toolchains/nightly-x86_64-unknown-linux-gnu/lib/libLLVM.so.22.1-rust-1.95.0-nightly+0x5e79679)
          #14 0x00005e0f24f1efe6 lld::unlinkAsync(llvm::StringRef) (/home/ahart/.rustup/toolchains/nightly-x86_64-unknown-linux-gnu/lib/rustlib/x86_64-unknown-linux-gnu/bin/rust-lld+0x2aefe6)
          #15 0x00005e0f2521dc09 void lld::elf::writeResult<llvm::object::ELFType<(llvm::endianness)1, true> >(lld::elf::Ctx&) (/home/ahart/.rustup/toolchains/nightly-x86_64-unknown-linux-gnu/lib/rustlib/x86_64-unknown-linux-gnu/bin/rust-lld+0x5adc09)
          #16 0x00005e0f24ff74a5 void lld::elf::LinkerDriver::link<llvm::object::ELFType<(llvm::endianness)1, true> >(llvm::opt::InputArgList&) Driver.cpp:0:0
          #17 0x00005e0f24fd33dc lld::elf::LinkerDriver::linkerMain(llvm::ArrayRef<char const*>) Driver.cpp:0:0
          #18 0x00005e0f24fce21e lld::elf::link(llvm::ArrayRef<char const*>, llvm::raw_ostream&, llvm::raw_ostream&, bool, bool) (/home/ahart/.rustup/toolchains/nightly-x86_64-unknown-linux-gnu/lib/rustlib/x86_64-unknown-linux-gnu/bin/rust-lld+0x35e21e)
          #19 0x00005e0f24ed4125 lld::unsafeLldMain(llvm::ArrayRef<char const*>, llvm::raw_ostream&, llvm::raw_ostream&, llvm::ArrayRef<lld::DriverDef>, bool) (/home/ahart/.rustup/toolchains/nightly-x86_64-unknown-linux-gnu/lib/rustlib/x86_64-unknown-linux-gnu/bin/rust-lld+0x264125)
          #20 0x00005e0f24ed3250 lld_main(int, char**, llvm::ToolContext const&) (/home/ahart/.rustup/toolchains/nightly-x86_64-unknown-linux-gnu/lib/rustlib/x86_64-unknown-linux-gnu/bin/rust-lld+0x263250)
          #21 0x00005e0f24ed38c1 main (/home/ahart/.rustup/toolchains/nightly-x86_64-unknown-linux-gnu/lib/rustlib/x86_64-unknown-linux-gnu/bin/rust-lld+0x2638c1)
          #22 0x00007b1cd8e29d90 __libc_start_call_main ./csu/../sysdeps/nptl/libc_start_call_main.h:58:16
          #23 0x00007b1cd8e29e40 call_init ./csu/../csu/libc-start.c:128:20
          #24 0x00007b1cd8e29e40 __libc_start_main ./csu/../csu/libc-start.c:379:5
          #25 0x00005e0f24d561a9 _start (/home/ahart/.rustup/toolchains/nightly-x86_64-unknown-linux-gnu/lib/rustlib/x86_64-unknown-linux-gnu/bin/rust-lld+0xe61a9)
          collect2: fatal error: ld terminated with signal 6 [Aborted], core dumped
          compilation terminated.
          

error: could not compile `chr` (test "graph") due to 1 previous error
warning: build failed, waiting for other jobs to finish...
error: linking with `cc` failed: exit status: 1
  |
  = note:  "cc" "-m64" "/tmp/chr-cycle7-opt-unused-port-index/target/release/deps/rustcNozhv6/symbols.o" "<10 object files omitted>" "-Wl,--as-needed" "-Wl,-Bstatic" "<sysroot>/lib/rustlib/x86_64-unknown-linux-gnu/lib/{libtest-*,libgetopts-*,librustc_std_workspace_std-*}.rlib" "/tmp/chr-cycle7-opt-unused-port-index/target/release/deps/{libchr-34f7bd459b70584e,libserde_json-88379d96e23e9911,libmemchr-d58388b7277d675a,libitoa-fdfa82d6981e4d48,libzmij-d48dc1c7da637495,libserde-acb53bd7adf01759,libserde_core-31af830da17653ec}.rlib" "<sysroot>/lib/rustlib/x86_64-unknown-linux-gnu/lib/{libstd-*,libpanic_unwind-*,libobject-*,libmemchr-*,libaddr2line-*,libgimli-*,libcfg_if-*,librustc_demangle-*,libstd_detect-*,libhashbrown-*,librustc_std_workspace_alloc-*,libminiz_oxide-*,libadler2-*,libunwind-*,liblibc-*,librustc_std_workspace_core-*,liballoc-*,libcore-*,libcompiler_builtins-*}.rlib" "-Wl,-Bdynamic" "-lgcc_s" "-lutil" "-lrt" "-lpthread" "-lm" "-ldl" "-lc" "-L" "/tmp/chr-cycle7-opt-unused-port-index/target/release/deps/rustcNozhv6/raw-dylibs" "-B<sysroot>/lib/rustlib/x86_64-unknown-linux-gnu/bin/gcc-ld" "-fuse-ld=lld" "-Wl,--eh-frame-hdr" "-Wl,-z,noexecstack" "-L" "<sysroot>/lib/rustlib/x86_64-unknown-linux-gnu/lib" "-o" "/tmp/chr-cycle7-opt-unused-port-index/target/release/deps/normalization_observation-c945ce86cf4cb5c0" "-Wl,--gc-sections" "-pie" "-Wl,-z,relro,-z,now" "-Wl,-O1" "-Wl,--strip-debug" "-nodefaultlibs"
  = note: some arguments are omitted. use `--verbose` to show all linker arguments
  = note: terminate called after throwing an instance of 'std::system_error'
            what():  Resource temporarily unavailable
          PLEASE submit a bug report to https://github.com/llvm/llvm-project/issues/ and include the crash backtrace and instructions to reproduce the bug.
          Stack dump:
          0.	Program arguments: /home/ahart/.rustup/toolchains/nightly-x86_64-unknown-linux-gnu/lib/rustlib/x86_64-unknown-linux-gnu/bin/rust-lld -flavor gnu -plugin /usr/lib/gcc/x86_64-linux-gnu/11/liblto_plugin.so -plugin-opt=/usr/lib/gcc/x86_64-linux-gnu/11/lto-wrapper -plugin-opt=-fresolution=/tmp/ccUdDBt9.res --build-id --eh-frame-hdr -m elf_x86_64 --hash-style=gnu --as-needed -dynamic-linker /lib64/ld-linux-x86-64.so.2 -pie -z now -z relro -o /tmp/chr-cycle7-opt-unused-port-index/target/release/deps/normalization_observation-c945ce86cf4cb5c0 /usr/lib/gcc/x86_64-linux-gnu/11/../../../x86_64-linux-gnu/Scrt1.o /usr/lib/gcc/x86_64-linux-gnu/11/../../../x86_64-linux-gnu/crti.o /usr/lib/gcc/x86_64-linux-gnu/11/crtbeginS.o -L/tmp/chr-cycle7-opt-unused-port-index/target/release/deps/rustcNozhv6/raw-dylibs -L/home/ahart/.rustup/toolchains/nightly-x86_64-unknown-linux-gnu/lib/rustlib/x86_64-unknown-linux-gnu/lib -L/home/ahart/.rustup/toolchains/nightly-x86_64-unknown-linux-gnu/lib/rustlib/x86_64-unknown-linux-gnu/bin/gcc-ld -L/usr/lib/gcc/x86_64-linux-gnu/11 -L/usr/lib/gcc/x86_64-linux-gnu/11/../../../x86_64-linux-gnu -L/usr/lib/gcc/x86_64-linux-gnu/11/../../../../lib -L/lib/x86_64-linux-gnu -L/lib/../lib -L/usr/lib/x86_64-linux-gnu -L/usr/lib/../lib -L/usr/lib/gcc/x86_64-linux-gnu/11/../../.. /tmp/chr-cycle7-opt-unused-port-index/target/release/deps/rustcNozhv6/symbols.o /tmp/chr-cycle7-opt-unused-port-index/target/release/deps/normalization_observation-c945ce86cf4cb5c0.normalization_observation.e5e6741e1fbd5d66-cgu.0.rcgu.o /tmp/chr-cycle7-opt-unused-port-index/target/release/deps/normalization_observation-c945ce86cf4cb5c0.normalization_observation.e5e6741e1fbd5d66-cgu.1.rcgu.o /tmp/chr-cycle7-opt-unused-port-index/target/release/deps/normalization_observation-c945ce86cf4cb5c0.normalization_observation.e5e6741e1fbd5d66-cgu.2.rcgu.o /tmp/chr-cycle7-opt-unused-port-index/target/release/deps/normalization_observation-c945ce86cf4cb5c0.normalization_observation.e5e6741e1fbd5d66-cgu.3.rcgu.o /tmp/chr-cycle7-opt-unused-port-index/target/release/deps/normalization_observation-c945ce86cf4cb5c0.normalization_observation.e5e6741e1fbd5d66-cgu.4.rcgu.o /tmp/chr-cycle7-opt-unused-port-index/target/release/deps/normalization_observation-c945ce86cf4cb5c0.normalization_observation.e5e6741e1fbd5d66-cgu.5.rcgu.o /tmp/chr-cycle7-opt-unused-port-index/target/release/deps/normalization_observation-c945ce86cf4cb5c0.normalization_observation.e5e6741e1fbd5d66-cgu.6.rcgu.o /tmp/chr-cycle7-opt-unused-port-index/target/release/deps/normalization_observation-c945ce86cf4cb5c0.normalization_observation.e5e6741e1fbd5d66-cgu.7.rcgu.o /tmp/chr-cycle7-opt-unused-port-index/target/release/deps/normalization_observation-c945ce86cf4cb5c0.normalization_observation.e5e6741e1fbd5d66-cgu.8.rcgu.o /tmp/chr-cycle7-opt-unused-port-index/target/release/deps/normalization_observation-c945ce86cf4cb5c0.944yujpw35yg06cubp6wxw5x5.rcgu.o --as-needed -Bstatic /home/ahart/.rustup/toolchains/nightly-x86_64-unknown-linux-gnu/lib/rustlib/x86_64-unknown-linux-gnu/lib/libtest-d9ab01d4d3ddbcef.rlib /home/ahart/.rustup/toolchains/nightly-x86_64-unknown-linux-gnu/lib/rustlib/x86_64-unknown-linux-gnu/lib/libgetopts-a9644b14bfb2cca7.rlib /home/ahart/.rustup/toolchains/nightly-x86_64-unknown-linux-gnu/lib/rustlib/x86_64-unknown-linux-gnu/lib/librustc_std_workspace_std-3e80ce3820a786fe.rlib /tmp/chr-cycle7-opt-unused-port-index/target/release/deps/libchr-34f7bd459b70584e.rlib /tmp/chr-cycle7-opt-unused-port-index/target/release/deps/libserde_json-88379d96e23e9911.rlib /tmp/chr-cycle7-opt-unused-port-index/target/release/deps/libmemchr-d58388b7277d675a.rlib /tmp/chr-cycle7-opt-unused-port-index/target/release/deps/libitoa-fdfa82d6981e4d48.rlib /tmp/chr-cycle7-opt-unused-port-index/target/release/deps/libzmij-d48dc1c7da637495.rlib /tmp/chr-cycle7-opt-unused-port-index/target/release/deps/libserde-acb53bd7adf01759.rlib /tmp/chr-cycle7-opt-unused-port-index/target/release/deps/libserde_core-31af830da17653ec.rlib /home/ahart/.rustup/toolchains/nightly-x86_64-unknown-linux-gnu/lib/rustlib/x86_64-unknown-linux-gnu/lib/libstd-957b1fe07cf96b13.rlib /home/ahart/.rustup/toolchains/nightly-x86_64-unknown-linux-gnu/lib/rustlib/x86_64-unknown-linux-gnu/lib/libpanic_unwind-5d075b8625bac4b1.rlib /home/ahart/.rustup/toolchains/nightly-x86_64-unknown-linux-gnu/lib/rustlib/x86_64-unknown-linux-gnu/lib/libobject-c6ca25b1f8621ced.rlib /home/ahart/.rustup/toolchains/nightly-x86_64-unknown-linux-gnu/lib/rustlib/x86_64-unknown-linux-gnu/lib/libmemchr-16850f2f05dea042.rlib /home/ahart/.rustup/toolchains/nightly-x86_64-unknown-linux-gnu/lib/rustlib/x86_64-unknown-linux-gnu/lib/libaddr2line-4be6a113f783ae81.rlib /home/ahart/.rustup/toolchains/nightly-x86_64-unknown-linux-gnu/lib/rustlib/x86_64-unknown-linux-gnu/lib/libgimli-b980ebe42ae7566e.rlib /home/ahart/.rustup/toolchains/nightly-x86_64-unknown-linux-gnu/lib/rustlib/x86_64-unknown-linux-gnu/lib/libcfg_if-ed99a26b153c40a9.rlib /home/ahart/.rustup/toolchains/nightly-x86_64-unknown-linux-gnu/lib/rustlib/x86_64-unknown-linux-gnu/lib/librustc_demangle-ecdd4665c3413bd4.rlib /home/ahart/.rustup/toolchains/nightly-x86_64-unknown-linux-gnu/lib/rustlib/x86_64-unknown-linux-gnu/lib/libstd_detect-2b11eee15f93fb2f.rlib /home/ahart/.rustup/toolchains/nightly-x86_64-unknown-linux-gnu/lib/rustlib/x86_64-unknown-linux-gnu/lib/libhashbrown-a24163845a89d284.rlib /home/ahart/.rustup/toolchains/nightly-x86_64-unknown-linux-gnu/lib/rustlib/x86_64-unknown-linux-gnu/lib/librustc_std_workspace_alloc-e0899976ced27b19.rlib /home/ahart/.rustup/toolchains/nightly-x86_64-unknown-linux-gnu/lib/rustlib/x86_64-unknown-linux-gnu/lib/libminiz_oxide-05059da09a45561c.rlib /home/ahart/.rustup/toolchains/nightly-x86_64-unknown-linux-gnu/lib/rustlib/x86_64-unknown-linux-gnu/lib/libadler2-ee74045716a880d4.rlib /home/ahart/.rustup/toolchains/nightly-x86_64-unknown-linux-gnu/lib/rustlib/x86_64-unknown-linux-gnu/lib/libunwind-16e11c925e779fb5.rlib /home/ahart/.rustup/toolchains/nightly-x86_64-unknown-linux-gnu/lib/rustlib/x86_64-unknown-linux-gnu/lib/liblibc-97d1bde3afd30030.rlib /home/ahart/.rustup/toolchains/nightly-x86_64-unknown-linux-gnu/lib/rustlib/x86_64-unknown-linux-gnu/lib/librustc_std_workspace_core-98022199d76dbd30.rlib /home/ahart/.rustup/toolchains/nightly-x86_64-unknown-linux-gnu/lib/rustlib/x86_64-unknown-linux-gnu/lib/liballoc-02e2119f9d7c9585.rlib /home/ahart/.rustup/toolchains/nightly-x86_64-unknown-linux-gnu/lib/rustlib/x86_64-unknown-linux-gnu/lib/libcore-5202d9b43b836218.rlib /home/ahart/.rustup/toolchains/nightly-x86_64-unknown-linux-gnu/lib/rustlib/x86_64-unknown-linux-gnu/lib/libcompiler_builtins-bbfdd99d24659dd7.rlib -Bdynamic -lgcc_s -lutil -lrt -lpthread -lm -ldl -lc --eh-frame-hdr -z noexecstack --gc-sections -z relro -z now -O1 --strip-debug /usr/lib/gcc/x86_64-linux-gnu/11/crtendS.o /usr/lib/gcc/x86_64-linux-gnu/11/../../../x86_64-linux-gnu/crtn.o
           #0 0x00007328cc56c017 llvm::sys::PrintStackTrace(llvm::raw_ostream&, int) (/home/ahart/.rustup/toolchains/nightly-x86_64-unknown-linux-gnu/lib/libLLVM.so.22.1-rust-1.95.0-nightly+0x5f6c017)
           #1 0x00007328cc56c90d SignalHandler(int, siginfo_t*, void*) (/home/ahart/.rustup/toolchains/nightly-x86_64-unknown-linux-gnu/lib/libLLVM.so.22.1-rust-1.95.0-nightly+0x5f6c90d)
           #2 0x00007328c6242520 (/lib/x86_64-linux-gnu/libc.so.6+0x42520)
           #3 0x00007328c62969bc __pthread_kill_implementation ./nptl/./nptl/pthread_kill.c:44:76
           #4 0x00007328c62969bc __pthread_kill_internal ./nptl/./nptl/pthread_kill.c:78:10
           #5 0x00007328c62969bc pthread_kill ./nptl/./nptl/pthread_kill.c:89:10
           #6 0x00007328c6242476 gsignal ./signal/../sysdeps/posix/raise.c:27:6
           #7 0x00007328c62287f3 abort ./stdlib/./stdlib/abort.c:81:7
           #8 0x00007328cc3eefa5 __gnu_cxx::__verbose_terminate_handler() (/home/ahart/.rustup/toolchains/nightly-x86_64-unknown-linux-gnu/lib/libLLVM.so.22.1-rust-1.95.0-nightly+0x5deefa5)
           #9 0x00007328cc3ee706 __cxxabiv1::__terminate(void (*)()) (/home/ahart/.rustup/toolchains/nightly-x86_64-unknown-linux-gnu/lib/libLLVM.so.22.1-rust-1.95.0-nightly+0x5dee706)
          #10 0x00007328cc3ee771 (/home/ahart/.rustup/toolchains/nightly-x86_64-unknown-linux-gnu/lib/libLLVM.so.22.1-rust-1.95.0-nightly+0x5dee771)
          #11 0x00007328cc3ee8c5 (/home/ahart/.rustup/toolchains/nightly-x86_64-unknown-linux-gnu/lib/libLLVM.so.22.1-rust-1.95.0-nightly+0x5dee8c5)
          #12 0x00007328cc1bbb85 std::__throw_system_error(int) (/home/ahart/.rustup/toolchains/nightly-x86_64-unknown-linux-gnu/lib/libLLVM.so.22.1-rust-1.95.0-nightly+0x5bbbb85)
          #13 0x00007328cc479679 (/home/ahart/.rustup/toolchains/nightly-x86_64-unknown-linux-gnu/lib/libLLVM.so.22.1-rust-1.95.0-nightly+0x5e79679)
          #14 0x00005f67f476efe6 lld::unlinkAsync(llvm::StringRef) (/home/ahart/.rustup/toolchains/nightly-x86_64-unknown-linux-gnu/lib/rustlib/x86_64-unknown-linux-gnu/bin/rust-lld+0x2aefe6)
          #15 0x00005f67f4a6dc09 void lld::elf::writeResult<llvm::object::ELFType<(llvm::endianness)1, true> >(lld::elf::Ctx&) (/home/ahart/.rustup/toolchains/nightly-x86_64-unknown-linux-gnu/lib/rustlib/x86_64-unknown-linux-gnu/bin/rust-lld+0x5adc09)
          #16 0x00005f67f48474a5 void lld::elf::LinkerDriver::link<llvm::object::ELFType<(llvm::endianness)1, true> >(llvm::opt::InputArgList&) Driver.cpp:0:0
          #17 0x00005f67f48233dc lld::elf::LinkerDriver::linkerMain(llvm::ArrayRef<char const*>) Driver.cpp:0:0
          #18 0x00005f67f481e21e lld::elf::link(llvm::ArrayRef<char const*>, llvm::raw_ostream&, llvm::raw_ostream&, bool, bool) (/home/ahart/.rustup/toolchains/nightly-x86_64-unknown-linux-gnu/lib/rustlib/x86_64-unknown-linux-gnu/bin/rust-lld+0x35e21e)
          #19 0x00005f67f4724125 lld::unsafeLldMain(llvm::ArrayRef<char const*>, llvm::raw_ostream&, llvm::raw_ostream&, llvm::ArrayRef<lld::DriverDef>, bool) (/home/ahart/.rustup/toolchains/nightly-x86_64-unknown-linux-gnu/lib/rustlib/x86_64-unknown-linux-gnu/bin/rust-lld+0x264125)
          #20 0x00005f67f4723250 lld_main(int, char**, llvm::ToolContext const&) (/home/ahart/.rustup/toolchains/nightly-x86_64-unknown-linux-gnu/lib/rustlib/x86_64-unknown-linux-gnu/bin/rust-lld+0x263250)
          #21 0x00005f67f47238c1 main (/home/ahart/.rustup/toolchains/nightly-x86_64-unknown-linux-gnu/lib/rustlib/x86_64-unknown-linux-gnu/bin/rust-lld+0x2638c1)
          #22 0x00007328c6229d90 __libc_start_call_main ./csu/../sysdeps/nptl/libc_start_call_main.h:58:16
          #23 0x00007328c6229e40 call_init ./csu/../csu/libc-start.c:128:20
          #24 0x00007328c6229e40 __libc_start_main ./csu/../csu/libc-start.c:379:5
          #25 0x00005f67f45a61a9 _start (/home/ahart/.rustup/toolchains/nightly-x86_64-unknown-linux-gnu/lib/rustlib/x86_64-unknown-linux-gnu/bin/rust-lld+0xe61a9)
          collect2: fatal error: ld terminated with signal 6 [Aborted], core dumped
          compilation terminated.
          

error: could not compile `chr` (test "normalization_observation") due to 1 previous error
error: linking with `cc` failed: exit status: 1
  |
  = note:  "cc" "-m64" "/tmp/chr-cycle7-opt-unused-port-index/target/release/deps/rustclPhYlu/symbols.o" "<12 object files omitted>" "-Wl,--as-needed" "-Wl,-Bstatic" "<sysroot>/lib/rustlib/x86_64-unknown-linux-gnu/lib/{libtest-*,libgetopts-*,librustc_std_workspace_std-*}.rlib" "/tmp/chr-cycle7-opt-unused-port-index/target/release/deps/{libchr-34f7bd459b70584e,libserde_json-88379d96e23e9911,libmemchr-d58388b7277d675a,libitoa-fdfa82d6981e4d48,libzmij-d48dc1c7da637495,libserde-acb53bd7adf01759,libserde_core-31af830da17653ec}.rlib" "<sysroot>/lib/rustlib/x86_64-unknown-linux-gnu/lib/{libstd-*,libpanic_unwind-*,libobject-*,libmemchr-*,libaddr2line-*,libgimli-*,libcfg_if-*,librustc_demangle-*,libstd_detect-*,libhashbrown-*,librustc_std_workspace_alloc-*,libminiz_oxide-*,libadler2-*,libunwind-*,liblibc-*,librustc_std_workspace_core-*,liballoc-*,libcore-*,libcompiler_builtins-*}.rlib" "-Wl,-Bdynamic" "-lgcc_s" "-lutil" "-lrt" "-lpthread" "-lm" "-ldl" "-lc" "-L" "/tmp/chr-cycle7-opt-unused-port-index/target/release/deps/rustclPhYlu/raw-dylibs" "-B<sysroot>/lib/rustlib/x86_64-unknown-linux-gnu/bin/gcc-ld" "-fuse-ld=lld" "-Wl,--eh-frame-hdr" "-Wl,-z,noexecstack" "-L" "<sysroot>/lib/rustlib/x86_64-unknown-linux-gnu/lib" "-o" "/tmp/chr-cycle7-opt-unused-port-index/target/release/deps/shared_restrictions-9b02cd3b0cab813f" "-Wl,--gc-sections" "-pie" "-Wl,-z,relro,-z,now" "-Wl,-O1" "-Wl,--strip-debug" "-nodefaultlibs"
  = note: some arguments are omitted. use `--verbose` to show all linker arguments
  = note: terminate called after throwing an instance of 'std::system_error'
            what():  Resource temporarily unavailable
          PLEASE submit a bug report to https://github.com/llvm/llvm-project/issues/ and include the crash backtrace and instructions to reproduce the bug.
          terminate called recursively
          collect2: fatal error: ld terminated with signal 6 [Aborted], core dumped
          compilation terminated.
          

error: could not compile `chr` (test "shared_restrictions") due to 1 previous error
error: linking with `cc` failed: exit status: 1
  |
  = note:  "cc" "-m64" "/tmp/chr-cycle7-opt-unused-port-index/target/release/deps/rustcVhpKVY/symbols.o" "<17 object files omitted>" "-Wl,--as-needed" "-Wl,-Bstatic" "<sysroot>/lib/rustlib/x86_64-unknown-linux-gnu/lib/{libtest-*,libgetopts-*,librustc_std_workspace_std-*}.rlib" "/tmp/chr-cycle7-opt-unused-port-index/target/release/deps/{libchr-34f7bd459b70584e,libserde_json-88379d96e23e9911,libmemchr-d58388b7277d675a,libitoa-fdfa82d6981e4d48,libzmij-d48dc1c7da637495,libserde-acb53bd7adf01759,libserde_core-31af830da17653ec}.rlib" "<sysroot>/lib/rustlib/x86_64-unknown-linux-gnu/lib/{libstd-*,libpanic_unwind-*,libobject-*,libmemchr-*,libaddr2line-*,libgimli-*,libcfg_if-*,librustc_demangle-*,libstd_detect-*,libhashbrown-*,librustc_std_workspace_alloc-*,libminiz_oxide-*,libadler2-*,libunwind-*,liblibc-*,librustc_std_workspace_core-*,liballoc-*,libcore-*,libcompiler_builtins-*}.rlib" "-Wl,-Bdynamic" "-lgcc_s" "-lutil" "-lrt" "-lpthread" "-lm" "-ldl" "-lc" "-L" "/tmp/chr-cycle7-opt-unused-port-index/target/release/deps/rustcVhpKVY/raw-dylibs" "-B<sysroot>/lib/rustlib/x86_64-unknown-linux-gnu/bin/gcc-ld" "-fuse-ld=lld" "-Wl,--eh-frame-hdr" "-Wl,-z,noexecstack" "-L" "<sysroot>/lib/rustlib/x86_64-unknown-linux-gnu/lib" "-o" "/tmp/chr-cycle7-opt-unused-port-index/target/release/deps/matching-bc5843329a6c829b" "-Wl,--gc-sections" "-pie" "-Wl,-z,relro,-z,now" "-Wl,-O1" "-Wl,--strip-debug" "-nodefaultlibs"
  = note: some arguments are omitted. use `--verbose` to show all linker arguments
  = note: terminate called after throwing an instance of 'std::system_error'
            what():  Resource temporarily unavailable
          PLEASE submit a bug report to https://github.com/llvm/llvm-project/issues/ and include the crash backtrace and instructions to reproduce the bug.
          terminate called recursively
          collect2: fatal error: ld terminated with signal 6 [Aborted], core dumped
          compilation terminated.
          

error: could not compile `chr` (test "matching") due to 1 previous error
