
running 1 test
test lifecycle::interactions::tests::structural_payloads_survive_held_output_and_retained_readers ... FAILED

failures:

---- lifecycle::interactions::tests::structural_payloads_survive_held_output_and_retained_readers stdout ----
measurement={"data":{"applications":8,"data":{"conditional":false,"inspections":0,"views":0},"elapsed_ms":0.364939,"max_step_ms":null,"memory":{"choices":2,"conditions":4,"coordinate_records":1,"graph_nodes":168,"history_nodes":0,"history_records":0,"inspections":0,"obligation_descriptors":6,"occurrences":23,"pending_nodes":3,"pending_tasks":2,"release_batches":0,"restriction_nodes":0,"snapshots":0},"phase":"interaction_admitted","ticks":2556,"validator_ms":null},"kind":"phase","schema":1}
measurement={"data":{"applications":24,"data":{"conditional":false,"continued_applications":16,"first_choice":1,"latest_choice":1,"output_partly_unread":true,"pinned_choices_checked":0,"rotation_peak_views":0,"rotations":0},"elapsed_ms":0.46483599999999997,"max_step_ms":null,"memory":{"choices":2,"conditions":4,"coordinate_records":1,"graph_nodes":173,"history_nodes":0,"history_records":0,"inspections":0,"obligation_descriptors":22,"occurrences":38,"pending_nodes":5,"pending_tasks":3,"release_batches":1,"restriction_nodes":0,"snapshots":0},"phase":"interaction_held","ticks":3133,"validator_ms":null},"kind":"phase","schema":1}
measurement={"data":{"applications":42,"data":{"answers":1,"projection_only":false,"source_applications_during_projection":18},"elapsed_ms":0.621959,"max_step_ms":null,"memory":{"choices":2,"conditions":4,"coordinate_records":1,"graph_nodes":182,"history_nodes":0,"history_records":0,"inspections":0,"obligation_descriptors":40,"occurrences":58,"pending_nodes":3,"pending_tasks":2,"release_batches":0,"restriction_nodes":0,"snapshots":0},"phase":"interaction_resumed","ticks":4112,"validator_ms":null},"kind":"phase","schema":1}
measurement={"data":{"applications":42,"data":{"censored":false,"complete":true,"error":null},"elapsed_ms":0.632649,"max_step_ms":null,"memory":{"choices":2,"conditions":4,"coordinate_records":1,"graph_nodes":182,"history_nodes":0,"history_records":0,"inspections":0,"obligation_descriptors":40,"occurrences":58,"pending_nodes":3,"pending_tasks":2,"release_batches":0,"restriction_nodes":0,"snapshots":0},"phase":"interaction_exit","ticks":4112,"validator_ms":null},"kind":"phase","schema":1}
cancel_request_ms=0.000 cancel_ms=0.073 cancel_ticks=256 cancel_max_step_ms=null cancel_done=true retained=Memory { graph_nodes: 0, release_batches: 0, occurrences: 0, conditions: 0, history_nodes: 0, history_records: 0, pending_nodes: 0, obligation_descriptors: 0, choices: 0, coordinate_records: 1, snapshots: 0, inspections: 0, restriction_nodes: 0 }
measurement={"data":{"applications":42,"complete":true,"elapsed_ms":0.07297000000000001,"memory":{"choices":0,"conditions":0,"coordinate_records":1,"graph_nodes":0,"history_nodes":0,"history_records":0,"inspections":0,"obligation_descriptors":0,"occurrences":0,"pending_nodes":0,"pending_tasks":0,"release_batches":0,"restriction_nodes":0,"snapshots":0},"phase":"cancel","request_ms":0.000039,"ticks":256},"kind":"phase","schema":1}
release_ms=0.000 release_work=0 release_max_step_ms=null release_done=true reclaimed=Memory { graph_nodes: 0, release_batches: 0, occurrences: 0, conditions: 0, history_nodes: 0, history_records: 0, pending_nodes: 0, obligation_descriptors: 0, choices: 0, coordinate_records: 1, snapshots: 0, inspections: 0, restriction_nodes: 0 }
measurement={"data":{"complete":true,"elapsed_ms":0.001513,"memory":{"choices":0,"conditions":0,"coordinate_records":1,"graph_nodes":0,"history_nodes":0,"history_records":0,"inspections":0,"obligation_descriptors":0,"occurrences":0,"pending_nodes":0,"pending_tasks":0,"release_batches":0,"restriction_nodes":0,"snapshots":0},"phase":"release","ticks":0},"kind":"phase","schema":1}
measurement={"data":{"applications":7366,"data":{"censored":true,"complete":false,"error":null},"elapsed_ms":516.471601,"max_step_ms":null,"memory":{"choices":0,"conditions":0,"coordinate_records":1,"graph_nodes":247,"history_nodes":0,"history_records":0,"inspections":0,"obligation_descriptors":191,"occurrences":208,"pending_nodes":31,"pending_tasks":16,"release_batches":0,"restriction_nodes":0,"snapshots":0},"phase":"interaction_exit","ticks":500000,"validator_ms":null},"kind":"phase","schema":1}
cancel_request_ms=0.000 cancel_ms=0.065 cancel_ticks=620 cancel_max_step_ms=null cancel_done=true retained=Memory { graph_nodes: 0, release_batches: 0, occurrences: 0, conditions: 0, history_nodes: 0, history_records: 0, pending_nodes: 0, obligation_descriptors: 0, choices: 0, coordinate_records: 1, snapshots: 0, inspections: 0, restriction_nodes: 0 }
measurement={"data":{"applications":7366,"complete":true,"elapsed_ms":0.064552,"memory":{"choices":0,"conditions":0,"coordinate_records":1,"graph_nodes":0,"history_nodes":0,"history_records":0,"inspections":0,"obligation_descriptors":0,"occurrences":0,"pending_nodes":0,"pending_tasks":0,"release_batches":0,"restriction_nodes":0,"snapshots":0},"phase":"cancel","request_ms":0.000029999999999999997,"ticks":620},"kind":"phase","schema":1}
release_ms=0.000 release_work=0 release_max_step_ms=null release_done=true reclaimed=Memory { graph_nodes: 0, release_batches: 0, occurrences: 0, conditions: 0, history_nodes: 0, history_records: 0, pending_nodes: 0, obligation_descriptors: 0, choices: 0, coordinate_records: 1, snapshots: 0, inspections: 0, restriction_nodes: 0 }
measurement={"data":{"complete":true,"elapsed_ms":0.001294,"memory":{"choices":0,"conditions":0,"coordinate_records":1,"graph_nodes":0,"history_nodes":0,"history_records":0,"inspections":0,"obligation_descriptors":0,"occurrences":0,"pending_nodes":0,"pending_tasks":0,"release_batches":0,"restriction_nodes":0,"snapshots":0},"phase":"release","ticks":0},"kind":"phase","schema":1}

thread 'lifecycle::interactions::tests::structural_payloads_survive_held_output_and_retained_readers' (6) panicked at examples/measure/interactions.rs:683:13:
life-archive-fixed-structural
note: run with `RUST_BACKTRACE=1` environment variable to display a backtrace


failures:
    lifecycle::interactions::tests::structural_payloads_survive_held_output_and_retained_readers

test result: FAILED. 0 passed; 1 failed; 0 ignored; 0 measured; 46 filtered out; finished in 0.52s
